Ôû▓ Next.js 16.2.1 (Turbopack)
- Environments: .env.local

  Creating an optimized production build ...
npx : 
At line:1 char:1
+ npx next build 2>&1 | 
Out-File -FilePath 
"build_errors.txt"; 
Get-Cont ...
+ ~~~~~~~~~~~~~~~~~~~
    + CategoryInfo        
      : NotSpecified: (:  
  String) [], RemoteExc   
 eption
    + FullyQualifiedError 
   Id : NativeCommandErr  
  or
 
> Build error occurred
Error: Turbopack build 
failed with 21 errors:
./app/admin/login/page.tsx
:4:1
Export createClientCompone
ntClient doesn't exist in 
target module
  [90m2 |[0m
  [90m3 |[0m 
[36mimport[0m { 
useState } [36mfrom[0m 
[32m'react'[0m;
[31m[1m>[0m [90m4 
|[0m [36mimport[0m { cr
eateClientComponentClient 
} [36mfrom[0m [32m'@sup
abase/auth-helpers-nextjs'
[0m;
  [90m  |[0m [31m[1m^^
^^^^^^^^^^^^^^^^^^^^^^^^^^
^^^^^^^^^^^^^^^^^^^^^^^^^^
^^^^^^^^^^^^^^^^^^^^^^[0m
  [90m5 |[0m 
[36mimport[0m { 
useRouter } [36mfrom[0m 
[32m'next/navigation'[0m
;
  [90m6 |[0m 
[36mimport[0m 
[33mImage[0m 
[36mfrom[0m 
[32m'next/image'[0m;
  [90m7 |[0m 
[36mimport[0m toast 
[36mfrom[0m [32m'react-
hot-toast'[0m;

The export createClientCom
ponentClient was not 
found in module [project]/
node_modules/@supabase/aut
h-helpers-nextjs/dist/modu
le/index.js [app-client] 
(ecmascript).
Did you mean to import 
createServerClient?
All exports of the module 
are statically known (It 
doesn't have dynamic 
exports). So it's known 
statically that the 
requested export doesn't 
exist.

Import traces:
  Client Component 
Browser:
    ./app/admin/login/page
.tsx [Client Component 
Browser]
    ./app/admin/login/page
.tsx [Server Component]

  Client Component SSR:
    ./app/admin/login/page
.tsx [Client Component 
SSR]
    ./app/admin/login/page
.tsx [Server Component]


./app/admin/login/page.tsx
:4:1
Export createClientCompone
ntClient doesn't exist in 
target module
  [90m2 |[0m
  [90m3 |[0m 
[36mimport[0m { 
useState } [36mfrom[0m 
[32m'react'[0m;
[31m[1m>[0m [90m4 
|[0m [36mimport[0m { cr
eateClientComponentClient 
} [36mfrom[0m [32m'@sup
abase/auth-helpers-nextjs'
[0m;
  [90m  |[0m [31m[1m^^
^^^^^^^^^^^^^^^^^^^^^^^^^^
^^^^^^^^^^^^^^^^^^^^^^^^^^
^^^^^^^^^^^^^^^^^^^^^^[0m
  [90m5 |[0m 
[36mimport[0m { 
useRouter } [36mfrom[0m 
[32m'next/navigation'[0m
;
  [90m6 |[0m 
[36mimport[0m 
[33mImage[0m 
[36mfrom[0m 
[32m'next/image'[0m;
  [90m7 |[0m 
[36mimport[0m toast 
[36mfrom[0m [32m'react-
hot-toast'[0m;

The export createClientCom
ponentClient was not 
found in module [project]/
node_modules/@supabase/aut
h-helpers-nextjs/dist/modu
le/index.js [app-ssr] 
(ecmascript).
Did you mean to import 
createServerClient?
All exports of the module 
are statically known (It 
doesn't have dynamic 
exports). So it's known 
statically that the 
requested export doesn't 
exist.

Import traces:
  Client Component 
Browser:
    ./app/admin/login/page
.tsx [Client Component 
Browser]
    ./app/admin/login/page
.tsx [Server Component]

  Client Component SSR:
    ./app/admin/login/page
.tsx [Client Component 
SSR]
    ./app/admin/login/page
.tsx [Server Component]


./components/admin/AdminSi
debar.tsx:5:1
Export createClientCompone
ntClient doesn't exist in 
target module
  [90m3 |[0m 
[36mimport[0m 
[33mLink[0m 
[36mfrom[0m 
[32m'next/link'[0m;
  [90m4 |[0m 
[36mimport[0m { 
usePathname } 
[36mfrom[0m [32m'next/n
avigation'[0m;
[31m[1m>[0m [90m5 
|[0m [36mimport[0m { cr
eateClientComponentClient 
} [36mfrom[0m [32m'@sup
abase/auth-helpers-nextjs'
[0m;
  [90m  |[0m [31m[1m^^
^^^^^^^^^^^^^^^^^^^^^^^^^^
^^^^^^^^^^^^^^^^^^^^^^^^^^
^^^^^^^^^^^^^^^^^^^^^^[0m
  [90m6 |[0m 
[36mimport[0m { 
useRouter } [36mfrom[0m 
[32m'next/navigation'[0m
;
  [90m7 |[0m 
[36mimport[0m {
  [90m8 |[0m   
[33mLayoutDashboard[0m, 
[33mBookOpen[0m, 
[33mMessageSquare[0m, 
[33mBell[0m, 
[33mUserPlus[0m,

The export createClientCom
ponentClient was not 
found in module [project]/
node_modules/@supabase/aut
h-helpers-nextjs/dist/modu
le/index.js [app-client] 
(ecmascript).
Did you mean to import 
createServerClient?
All exports of the module 
are statically known (It 
doesn't have dynamic 
exports). So it's known 
statically that the 
requested export doesn't 
exist.

Import trace:
  Server Component:
    ./components/admin/Adm
inSidebar.tsx
    ./app/admin/layout.tsx


./components/admin/AdminSi
debar.tsx:5:1
Export createClientCompone
ntClient doesn't exist in 
target module
  [90m3 |[0m 
[36mimport[0m 
[33mLink[0m 
[36mfrom[0m 
[32m'next/link'[0m;
  [90m4 |[0m 
[36mimport[0m { 
usePathname } 
[36mfrom[0m [32m'next/n
avigation'[0m;
[31m[1m>[0m [90m5 
|[0m [36mimport[0m { cr
eateClientComponentClient 
} [36mfrom[0m [32m'@sup
abase/auth-helpers-nextjs'
[0m;
  [90m  |[0m [31m[1m^^
^^^^^^^^^^^^^^^^^^^^^^^^^^
^^^^^^^^^^^^^^^^^^^^^^^^^^
^^^^^^^^^^^^^^^^^^^^^^[0m
  [90m6 |[0m 
[36mimport[0m { 
useRouter } [36mfrom[0m 
[32m'next/navigation'[0m
;
  [90m7 |[0m 
[36mimport[0m {
  [90m8 |[0m   
[33mLayoutDashboard[0m, 
[33mBookOpen[0m, 
[33mMessageSquare[0m, 
[33mBell[0m, 
[33mUserPlus[0m,

The export createClientCom
ponentClient was not 
found in module [project]/
node_modules/@supabase/aut
h-helpers-nextjs/dist/modu
le/index.js [app-ssr] 
(ecmascript).
Did you mean to import 
createServerClient?
All exports of the module 
are statically known (It 
doesn't have dynamic 
exports). So it's known 
statically that the 
requested export doesn't 
exist.

Import trace:
  Server Component:
    ./components/admin/Adm
inSidebar.tsx
    ./app/admin/layout.tsx


./components/admin/Contact
InfoForm.tsx:9:1
Export createClientCompone
ntClient doesn't exist in 
target module
  [90m 7 |[0m 
[36mimport[0m { 
zodResolver } 
[36mfrom[0m [32m"@hookf
orm/resolvers/zod"[0m;
  [90m 8 |[0m 
[36mimport[0m toast 
[36mfrom[0m [32m"react-
hot-toast"[0m;
[31m[1m>[0m [90m 9 
|[0m [36mimport[0m { cr
eateClientComponentClient 
} [36mfrom[0m [32m"@sup
abase/auth-helpers-nextjs"
[0m;
  [90m   |[0m [31m[1m^
^^^^^^^^^^^^^^^^^^^^^^^^^^
^^^^^^^^^^^^^^^^^^^^^^^^^^
^^^^^^^^^^^^^^^^^^^^^^^[0
m
  [90m10 |[0m 
[36mimport[0m { 
[33mLoader2[0m, 
[33mPlus[0m, 
[33mTrash2[0m } 
[36mfrom[0m 
[32m"lucide-react"[0m;
  [90m11 |[0m
  [90m12 |[0m 
[36mimport[0m { 
[33mButton[0m } 
[36mfrom[0m [32m"@/comp
onents/ui/button"[0m;

The export createClientCom
ponentClient was not 
found in module [project]/
node_modules/@supabase/aut
h-helpers-nextjs/dist/modu
le/index.js [app-client] 
(ecmascript).
Did you mean to import 
createServerClient?
All exports of the module 
are statically known (It 
doesn't have dynamic 
exports). So it's known 
statically that the 
requested export doesn't 
exist.

Import trace:
  Server Component:
    ./components/admin/Con
tactInfoForm.tsx
    ./app/admin/(dashboard
)/contact-info/page.tsx


./components/admin/Contact
InfoForm.tsx:9:1
Export createClientCompone
ntClient doesn't exist in 
target module
  [90m 7 |[0m 
[36mimport[0m { 
zodResolver } 
[36mfrom[0m [32m"@hookf
orm/resolvers/zod"[0m;
  [90m 8 |[0m 
[36mimport[0m toast 
[36mfrom[0m [32m"react-
hot-toast"[0m;
[31m[1m>[0m [90m 9 
|[0m [36mimport[0m { cr
eateClientComponentClient 
} [36mfrom[0m [32m"@sup
abase/auth-helpers-nextjs"
[0m;
  [90m   |[0m [31m[1m^
^^^^^^^^^^^^^^^^^^^^^^^^^^
^^^^^^^^^^^^^^^^^^^^^^^^^^
^^^^^^^^^^^^^^^^^^^^^^^[0
m
  [90m10 |[0m 
[36mimport[0m { 
[33mLoader2[0m, 
[33mPlus[0m, 
[33mTrash2[0m } 
[36mfrom[0m 
[32m"lucide-react"[0m;
  [90m11 |[0m
  [90m12 |[0m 
[36mimport[0m { 
[33mButton[0m } 
[36mfrom[0m [32m"@/comp
onents/ui/button"[0m;

The export createClientCom
ponentClient was not 
found in module [project]/
node_modules/@supabase/aut
h-helpers-nextjs/dist/modu
le/index.js [app-ssr] 
(ecmascript).
Did you mean to import 
createServerClient?
All exports of the module 
are statically known (It 
doesn't have dynamic 
exports). So it's known 
statically that the 
requested export doesn't 
exist.

Import trace:
  Server Component:
    ./components/admin/Con
tactInfoForm.tsx
    ./app/admin/(dashboard
)/contact-info/page.tsx


./components/admin/CourseF
orm.tsx:9:1
Export createClientCompone
ntClient doesn't exist in 
target module
  [90m 7 |[0m 
[36mimport[0m { 
zodResolver } 
[36mfrom[0m [32m"@hookf
orm/resolvers/zod"[0m;
  [90m 8 |[0m 
[36mimport[0m toast 
[36mfrom[0m [32m"react-
hot-toast"[0m;
[31m[1m>[0m [90m 9 
|[0m [36mimport[0m { cr
eateClientComponentClient 
} [36mfrom[0m [32m"@sup
abase/auth-helpers-nextjs"
[0m;
  [90m   |[0m [31m[1m^
^^^^^^^^^^^^^^^^^^^^^^^^^^
^^^^^^^^^^^^^^^^^^^^^^^^^^
^^^^^^^^^^^^^^^^^^^^^^^[0
m
  [90m10 |[0m 
[36mimport[0m { 
  [90m11 |[0m   
[33mLoader2[0m, 
[33mPlus[0m, 
[33mTrash2[0m, 
[33mArrowUp[0m, 
[33mArrowDown[0m, 
[33mX[0m, 
[33mChevronDown[0m, 
[33mChevronUp[0m
  [90m12 |[0m } 
[36mfrom[0m 
[32m"lucide-react"[0m;

The export createClientCom
ponentClient was not 
found in module [project]/
node_modules/@supabase/aut
h-helpers-nextjs/dist/modu
le/index.js [app-client] 
(ecmascript).
Did you mean to import 
createServerClient?
All exports of the module 
are statically known (It 
doesn't have dynamic 
exports). So it's known 
statically that the 
requested export doesn't 
exist.

Import trace:
  Server Component:
    ./components/admin/Cou
rseForm.tsx
    ./app/admin/(dashboard
)/courses/new/page.tsx


./components/admin/CourseF
orm.tsx:9:1
Export createClientCompone
ntClient doesn't exist in 
target module
  [90m 7 |[0m 
[36mimport[0m { 
zodResolver } 
[36mfrom[0m [32m"@hookf
orm/resolvers/zod"[0m;
  [90m 8 |[0m 
[36mimport[0m toast 
[36mfrom[0m [32m"react-
hot-toast"[0m;
[31m[1m>[0m [90m 9 
|[0m [36mimport[0m { cr
eateClientComponentClient 
} [36mfrom[0m [32m"@sup
abase/auth-helpers-nextjs"
[0m;
  [90m   |[0m [31m[1m^
^^^^^^^^^^^^^^^^^^^^^^^^^^
^^^^^^^^^^^^^^^^^^^^^^^^^^
^^^^^^^^^^^^^^^^^^^^^^^[0
m
  [90m10 |[0m 
[36mimport[0m { 
  [90m11 |[0m   
[33mLoader2[0m, 
[33mPlus[0m, 
[33mTrash2[0m, 
[33mArrowUp[0m, 
[33mArrowDown[0m, 
[33mX[0m, 
[33mChevronDown[0m, 
[33mChevronUp[0m
  [90m12 |[0m } 
[36mfrom[0m 
[32m"lucide-react"[0m;

The export createClientCom
ponentClient was not 
found in module [project]/
node_modules/@supabase/aut
h-helpers-nextjs/dist/modu
le/index.js [app-ssr] 
(ecmascript).
Did you mean to import 
createServerClient?
All exports of the module 
are statically known (It 
doesn't have dynamic 
exports). So it's known 
statically that the 
requested export doesn't 
exist.

Import trace:
  Server Component:
    ./components/admin/Cou
rseForm.tsx
    ./app/admin/(dashboard
)/courses/new/page.tsx


./components/admin/Courses
TableClient.tsx:6:1
Export createClientCompone
ntClient doesn't exist in 
target module
  [90m4 |[0m 
[36mimport[0m 
[33mLink[0m 
[36mfrom[0m 
[32m"next/link"[0m;
  [90m5 |[0m 
[36mimport[0m { 
useRouter } [36mfrom[0m 
[32m"next/navigation"[0m
;
[31m[1m>[0m [90m6 
|[0m [36mimport[0m { cr
eateClientComponentClient 
} [36mfrom[0m [32m"@sup
abase/auth-helpers-nextjs"
[0m;
  [90m  |[0m [31m[1m^^
^^^^^^^^^^^^^^^^^^^^^^^^^^
^^^^^^^^^^^^^^^^^^^^^^^^^^
^^^^^^^^^^^^^^^^^^^^^^[0m
  [90m7 |[0m 
[36mimport[0m toast 
[36mfrom[0m [32m"react-
hot-toast"[0m;
  [90m8 |[0m 
[36mimport[0m { 
[33mEdit2[0m, 
[33mEye[0m, 
[33mTrash2[0m, 
[33mArrowUp[0m, 
[33mArrowDown[0m } 
[36mfrom[0m 
[32m"lucide-react"[0m;
  [90m9 |[0m

The export createClientCom
ponentClient was not 
found in module [project]/
node_modules/@supabase/aut
h-helpers-nextjs/dist/modu
le/index.js [app-client] 
(ecmascript).
Did you mean to import 
createServerClient?
All exports of the module 
are statically known (It 
doesn't have dynamic 
exports). So it's known 
statically that the 
requested export doesn't 
exist.

Import trace:
  Server Component:
    ./components/admin/Cou
rsesTableClient.tsx
    ./app/admin/(dashboard
)/courses/page.tsx


./components/admin/Courses
TableClient.tsx:6:1
Export createClientCompone
ntClient doesn't exist in 
target module
  [90m4 |[0m 
[36mimport[0m 
[33mLink[0m 
[36mfrom[0m 
[32m"next/link"[0m;
  [90m5 |[0m 
[36mimport[0m { 
useRouter } [36mfrom[0m 
[32m"next/navigation"[0m
;
[31m[1m>[0m [90m6 
|[0m [36mimport[0m { cr
eateClientComponentClient 
} [36mfrom[0m [32m"@sup
abase/auth-helpers-nextjs"
[0m;
  [90m  |[0m [31m[1m^^
^^^^^^^^^^^^^^^^^^^^^^^^^^
^^^^^^^^^^^^^^^^^^^^^^^^^^
^^^^^^^^^^^^^^^^^^^^^^[0m
  [90m7 |[0m 
[36mimport[0m toast 
[36mfrom[0m [32m"react-
hot-toast"[0m;
  [90m8 |[0m 
[36mimport[0m { 
[33mEdit2[0m, 
[33mEye[0m, 
[33mTrash2[0m, 
[33mArrowUp[0m, 
[33mArrowDown[0m } 
[36mfrom[0m 
[32m"lucide-react"[0m;
  [90m9 |[0m

The export createClientCom
ponentClient was not 
found in module [project]/
node_modules/@supabase/aut
h-helpers-nextjs/dist/modu
le/index.js [app-ssr] 
(ecmascript).
Did you mean to import 
createServerClient?
All exports of the module 
are statically known (It 
doesn't have dynamic 
exports). So it's known 
statically that the 
requested export doesn't 
exist.

Import trace:
  Server Component:
    ./components/admin/Cou
rsesTableClient.tsx
    ./app/admin/(dashboard
)/courses/page.tsx


./components/admin/Enrollm
entsTableClient.tsx:5:1
Export createClientCompone
ntClient doesn't exist in 
target module
  [90m3 |[0m 
[36mimport[0m { 
useState } [36mfrom[0m 
[32m"react"[0m;
  [90m4 |[0m 
[36mimport[0m { 
useRouter } [36mfrom[0m 
[32m"next/navigation"[0m
;
[31m[1m>[0m [90m5 
|[0m [36mimport[0m { cr
eateClientComponentClient 
} [36mfrom[0m [32m"@sup
abase/auth-helpers-nextjs"
[0m;
  [90m  |[0m [31m[1m^^
^^^^^^^^^^^^^^^^^^^^^^^^^^
^^^^^^^^^^^^^^^^^^^^^^^^^^
^^^^^^^^^^^^^^^^^^^^^^[0m
  [90m6 |[0m 
[36mimport[0m toast 
[36mfrom[0m [32m"react-
hot-toast"[0m;
  [90m7 |[0m 
[36mimport[0m { 
[33mEye[0m, 
[33mDownload[0m, 
[33mSearch[0m, 
[33mSettings2[0m, 
[33mTrash2[0m } 
[36mfrom[0m 
[32m"lucide-react"[0m;
  [90m8 |[0m 
[36mimport[0m { format 
} [36mfrom[0m 
[32m"date-fns"[0m;

The export createClientCom
ponentClient was not 
found in module [project]/
node_modules/@supabase/aut
h-helpers-nextjs/dist/modu
le/index.js [app-client] 
(ecmascript).
Did you mean to import 
createServerClient?
All exports of the module 
are statically known (It 
doesn't have dynamic 
exports). So it's known 
statically that the 
requested export doesn't 
exist.

Import trace:
  Server Component:
    ./components/admin/Enr
ollmentsTableClient.tsx
    ./app/admin/(dashboard
)/enrollments/page.tsx


./components/admin/Enrollm
entsTableClient.tsx:5:1
Export createClientCompone
ntClient doesn't exist in 
target module
  [90m3 |[0m 
[36mimport[0m { 
useState } [36mfrom[0m 
[32m"react"[0m;
  [90m4 |[0m 
[36mimport[0m { 
useRouter } [36mfrom[0m 
[32m"next/navigation"[0m
;
[31m[1m>[0m [90m5 
|[0m [36mimport[0m { cr
eateClientComponentClient 
} [36mfrom[0m [32m"@sup
abase/auth-helpers-nextjs"
[0m;
  [90m  |[0m [31m[1m^^
^^^^^^^^^^^^^^^^^^^^^^^^^^
^^^^^^^^^^^^^^^^^^^^^^^^^^
^^^^^^^^^^^^^^^^^^^^^^[0m
  [90m6 |[0m 
[36mimport[0m toast 
[36mfrom[0m [32m"react-
hot-toast"[0m;
  [90m7 |[0m 
[36mimport[0m { 
[33mEye[0m, 
[33mDownload[0m, 
[33mSearch[0m, 
[33mSettings2[0m, 
[33mTrash2[0m } 
[36mfrom[0m 
[32m"lucide-react"[0m;
  [90m8 |[0m 
[36mimport[0m { format 
} [36mfrom[0m 
[32m"date-fns"[0m;

The export createClientCom
ponentClient was not 
found in module [project]/
node_modules/@supabase/aut
h-helpers-nextjs/dist/modu
le/index.js [app-ssr] 
(ecmascript).
Did you mean to import 
createServerClient?
All exports of the module 
are statically known (It 
doesn't have dynamic 
exports). So it's known 
statically that the 
requested export doesn't 
exist.

Import trace:
  Server Component:
    ./components/admin/Enr
ollmentsTableClient.tsx
    ./app/admin/(dashboard
)/enrollments/page.tsx


./components/admin/Notific
ationForm.tsx:9:1
Export createClientCompone
ntClient doesn't exist in 
target module
  [90m 7 |[0m 
[36mimport[0m { 
zodResolver } 
[36mfrom[0m [32m"@hookf
orm/resolvers/zod"[0m;
  [90m 8 |[0m 
[36mimport[0m toast 
[36mfrom[0m [32m"react-
hot-toast"[0m;
[31m[1m>[0m [90m 9 
|[0m [36mimport[0m { cr
eateClientComponentClient 
} [36mfrom[0m [32m"@sup
abase/auth-helpers-nextjs"
[0m;
  [90m   |[0m [31m[1m^
^^^^^^^^^^^^^^^^^^^^^^^^^^
^^^^^^^^^^^^^^^^^^^^^^^^^^
^^^^^^^^^^^^^^^^^^^^^^^[0
m
  [90m10 |[0m 
[36mimport[0m { 
[33mLoader2[0m, 
[33mArrowRight[0m } 
[36mfrom[0m 
[32m"lucide-react"[0m;
  [90m11 |[0m 
[36mimport[0m { format, 
isAfter, isBefore } 
[36mfrom[0m 
[32m"date-fns"[0m;
  [90m12 |[0m

The export createClientCom
ponentClient was not 
found in module [project]/
node_modules/@supabase/aut
h-helpers-nextjs/dist/modu
le/index.js [app-client] 
(ecmascript).
Did you mean to import 
createServerClient?
All exports of the module 
are statically known (It 
doesn't have dynamic 
exports). So it's known 
statically that the 
requested export doesn't 
exist.

Import trace:
  Server Component:
    ./components/admin/Not
ificationForm.tsx
    ./app/admin/(dashboard
)/notifications/new/page.t
sx


./components/admin/Notific
ationForm.tsx:9:1
Export createClientCompone
ntClient doesn't exist in 
target module
  [90m 7 |[0m 
[36mimport[0m { 
zodResolver } 
[36mfrom[0m [32m"@hookf
orm/resolvers/zod"[0m;
  [90m 8 |[0m 
[36mimport[0m toast 
[36mfrom[0m [32m"react-
hot-toast"[0m;
[31m[1m>[0m [90m 9 
|[0m [36mimport[0m { cr
eateClientComponentClient 
} [36mfrom[0m [32m"@sup
abase/auth-helpers-nextjs"
[0m;
  [90m   |[0m [31m[1m^
^^^^^^^^^^^^^^^^^^^^^^^^^^
^^^^^^^^^^^^^^^^^^^^^^^^^^
^^^^^^^^^^^^^^^^^^^^^^^[0
m
  [90m10 |[0m 
[36mimport[0m { 
[33mLoader2[0m, 
[33mArrowRight[0m } 
[36mfrom[0m 
[32m"lucide-react"[0m;
  [90m11 |[0m 
[36mimport[0m { format, 
isAfter, isBefore } 
[36mfrom[0m 
[32m"date-fns"[0m;
  [90m12 |[0m

The export createClientCom
ponentClient was not 
found in module [project]/
node_modules/@supabase/aut
h-helpers-nextjs/dist/modu
le/index.js [app-ssr] 
(ecmascript).
Did you mean to import 
createServerClient?
All exports of the module 
are statically known (It 
doesn't have dynamic 
exports). So it's known 
statically that the 
requested export doesn't 
exist.

Import trace:
  Server Component:
    ./components/admin/Not
ificationForm.tsx
    ./app/admin/(dashboard
)/notifications/new/page.t
sx


./components/admin/Notific
ationTableClient.tsx:6:1
Export createClientCompone
ntClient doesn't exist in 
target module
  [90m4 |[0m 
[36mimport[0m 
[33mLink[0m 
[36mfrom[0m 
[32m"next/link"[0m;
  [90m5 |[0m 
[36mimport[0m { 
useRouter } [36mfrom[0m 
[32m"next/navigation"[0m
;
[31m[1m>[0m [90m6 
|[0m [36mimport[0m { cr
eateClientComponentClient 
} [36mfrom[0m [32m"@sup
abase/auth-helpers-nextjs"
[0m;
  [90m  |[0m [31m[1m^^
^^^^^^^^^^^^^^^^^^^^^^^^^^
^^^^^^^^^^^^^^^^^^^^^^^^^^
^^^^^^^^^^^^^^^^^^^^^^[0m
  [90m7 |[0m 
[36mimport[0m toast 
[36mfrom[0m [32m"react-
hot-toast"[0m;
  [90m8 |[0m 
[36mimport[0m { 
[33mEdit2[0m, 
[33mPlusCircle[0m, 
[33mTrash2[0m } 
[36mfrom[0m 
[32m"lucide-react"[0m;
  [90m9 |[0m 
[36mimport[0m { format, 
isBefore } [36mfrom[0m 
[32m"date-fns"[0m;

The export createClientCom
ponentClient was not 
found in module [project]/
node_modules/@supabase/aut
h-helpers-nextjs/dist/modu
le/index.js [app-client] 
(ecmascript).
Did you mean to import 
createServerClient?
All exports of the module 
are statically known (It 
doesn't have dynamic 
exports). So it's known 
statically that the 
requested export doesn't 
exist.

Import trace:
  Server Component:
    ./components/admin/Not
ificationTableClient.tsx
    ./app/admin/(dashboard
)/notifications/page.tsx


./components/admin/Notific
ationTableClient.tsx:6:1
Export createClientCompone
ntClient doesn't exist in 
target module
  [90m4 |[0m 
[36mimport[0m 
[33mLink[0m 
[36mfrom[0m 
[32m"next/link"[0m;
  [90m5 |[0m 
[36mimport[0m { 
useRouter } [36mfrom[0m 
[32m"next/navigation"[0m
;
[31m[1m>[0m [90m6 
|[0m [36mimport[0m { cr
eateClientComponentClient 
} [36mfrom[0m [32m"@sup
abase/auth-helpers-nextjs"
[0m;
  [90m  |[0m [31m[1m^^
^^^^^^^^^^^^^^^^^^^^^^^^^^
^^^^^^^^^^^^^^^^^^^^^^^^^^
^^^^^^^^^^^^^^^^^^^^^^[0m
  [90m7 |[0m 
[36mimport[0m toast 
[36mfrom[0m [32m"react-
hot-toast"[0m;
  [90m8 |[0m 
[36mimport[0m { 
[33mEdit2[0m, 
[33mPlusCircle[0m, 
[33mTrash2[0m } 
[36mfrom[0m 
[32m"lucide-react"[0m;
  [90m9 |[0m 
[36mimport[0m { format, 
isBefore } [36mfrom[0m 
[32m"date-fns"[0m;

The export createClientCom
ponentClient was not 
found in module [project]/
node_modules/@supabase/aut
h-helpers-nextjs/dist/modu
le/index.js [app-ssr] 
(ecmascript).
Did you mean to import 
createServerClient?
All exports of the module 
are statically known (It 
doesn't have dynamic 
exports). So it's known 
statically that the 
requested export doesn't 
exist.

Import trace:
  Server Component:
    ./components/admin/Not
ificationTableClient.tsx
    ./app/admin/(dashboard
)/notifications/page.tsx


./components/admin/Testimo
nialForm.tsx:9:1
Export createClientCompone
ntClient doesn't exist in 
target module
  [90m 7 |[0m 
[36mimport[0m { 
zodResolver } 
[36mfrom[0m [32m"@hookf
orm/resolvers/zod"[0m;
  [90m 8 |[0m 
[36mimport[0m toast 
[36mfrom[0m [32m"react-
hot-toast"[0m;
[31m[1m>[0m [90m 9 
|[0m [36mimport[0m { cr
eateClientComponentClient 
} [36mfrom[0m [32m"@sup
abase/auth-helpers-nextjs"
[0m;
  [90m   |[0m [31m[1m^
^^^^^^^^^^^^^^^^^^^^^^^^^^
^^^^^^^^^^^^^^^^^^^^^^^^^^
^^^^^^^^^^^^^^^^^^^^^^^[0
m
  [90m10 |[0m 
[36mimport[0m { 
[33mLoader2[0m, 
[33mUploadCloud[0m, 
[33mX[0m, [33mStar[0m 
} [36mfrom[0m 
[32m"lucide-react"[0m;
  [90m11 |[0m 
[36mimport[0m 
[33mImage[0m 
[36mfrom[0m 
[32m"next/image"[0m;
  [90m12 |[0m

The export createClientCom
ponentClient was not 
found in module [project]/
node_modules/@supabase/aut
h-helpers-nextjs/dist/modu
le/index.js [app-client] 
(ecmascript).
Did you mean to import 
createServerClient?
All exports of the module 
are statically known (It 
doesn't have dynamic 
exports). So it's known 
statically that the 
requested export doesn't 
exist.

Import trace:
  Server Component:
    ./components/admin/Tes
timonialForm.tsx
    ./app/admin/(dashboard
)/testimonials/new/page.ts
x


./components/admin/Testimo
nialForm.tsx:9:1
Export createClientCompone
ntClient doesn't exist in 
target module
  [90m 7 |[0m 
[36mimport[0m { 
zodResolver } 
[36mfrom[0m [32m"@hookf
orm/resolvers/zod"[0m;
  [90m 8 |[0m 
[36mimport[0m toast 
[36mfrom[0m [32m"react-
hot-toast"[0m;
[31m[1m>[0m [90m 9 
|[0m [36mimport[0m { cr
eateClientComponentClient 
} [36mfrom[0m [32m"@sup
abase/auth-helpers-nextjs"
[0m;
  [90m   |[0m [31m[1m^
^^^^^^^^^^^^^^^^^^^^^^^^^^
^^^^^^^^^^^^^^^^^^^^^^^^^^
^^^^^^^^^^^^^^^^^^^^^^^[0
m
  [90m10 |[0m 
[36mimport[0m { 
[33mLoader2[0m, 
[33mUploadCloud[0m, 
[33mX[0m, [33mStar[0m 
} [36mfrom[0m 
[32m"lucide-react"[0m;
  [90m11 |[0m 
[36mimport[0m 
[33mImage[0m 
[36mfrom[0m 
[32m"next/image"[0m;
  [90m12 |[0m

The export createClientCom
ponentClient was not 
found in module [project]/
node_modules/@supabase/aut
h-helpers-nextjs/dist/modu
le/index.js [app-ssr] 
(ecmascript).
Did you mean to import 
createServerClient?
All exports of the module 
are statically known (It 
doesn't have dynamic 
exports). So it's known 
statically that the 
requested export doesn't 
exist.

Import trace:
  Server Component:
    ./components/admin/Tes
timonialForm.tsx
    ./app/admin/(dashboard
)/testimonials/new/page.ts
x


./components/admin/Testimo
nialTableClient.tsx:6:1
Export createClientCompone
ntClient doesn't exist in 
target module
  [90m4 |[0m 
[36mimport[0m 
[33mLink[0m 
[36mfrom[0m 
[32m"next/link"[0m;
  [90m5 |[0m 
[36mimport[0m { 
useRouter } [36mfrom[0m 
[32m"next/navigation"[0m
;
[31m[1m>[0m [90m6 
|[0m [36mimport[0m { cr
eateClientComponentClient 
} [36mfrom[0m [32m"@sup
abase/auth-helpers-nextjs"
[0m;
  [90m  |[0m [31m[1m^^
^^^^^^^^^^^^^^^^^^^^^^^^^^
^^^^^^^^^^^^^^^^^^^^^^^^^^
^^^^^^^^^^^^^^^^^^^^^^[0m
  [90m7 |[0m 
[36mimport[0m toast 
[36mfrom[0m [32m"react-
hot-toast"[0m;
  [90m8 |[0m 
[36mimport[0m { 
[33mEdit2[0m, 
[33mPlusCircle[0m, 
[33mTrash2[0m } 
[36mfrom[0m 
[32m"lucide-react"[0m;
  [90m9 |[0m 
[36mimport[0m 
[33mImage[0m 
[36mfrom[0m 
[32m"next/image"[0m;

The export createClientCom
ponentClient was not 
found in module [project]/
node_modules/@supabase/aut
h-helpers-nextjs/dist/modu
le/index.js [app-client] 
(ecmascript).
Did you mean to import 
createServerClient?
All exports of the module 
are statically known (It 
doesn't have dynamic 
exports). So it's known 
statically that the 
requested export doesn't 
exist.

Import trace:
  Server Component:
    ./components/admin/Tes
timonialTableClient.tsx
    ./app/admin/(dashboard
)/testimonials/page.tsx


./components/admin/Testimo
nialTableClient.tsx:6:1
Export createClientCompone
ntClient doesn't exist in 
target module
  [90m4 |[0m 
[36mimport[0m 
[33mLink[0m 
[36mfrom[0m 
[32m"next/link"[0m;
  [90m5 |[0m 
[36mimport[0m { 
useRouter } [36mfrom[0m 
[32m"next/navigation"[0m
;
[31m[1m>[0m [90m6 
|[0m [36mimport[0m { cr
eateClientComponentClient 
} [36mfrom[0m [32m"@sup
abase/auth-helpers-nextjs"
[0m;
  [90m  |[0m [31m[1m^^
^^^^^^^^^^^^^^^^^^^^^^^^^^
^^^^^^^^^^^^^^^^^^^^^^^^^^
^^^^^^^^^^^^^^^^^^^^^^[0m
  [90m7 |[0m 
[36mimport[0m toast 
[36mfrom[0m [32m"react-
hot-toast"[0m;
  [90m8 |[0m 
[36mimport[0m { 
[33mEdit2[0m, 
[33mPlusCircle[0m, 
[33mTrash2[0m } 
[36mfrom[0m 
[32m"lucide-react"[0m;
  [90m9 |[0m 
[36mimport[0m 
[33mImage[0m 
[36mfrom[0m 
[32m"next/image"[0m;

The export createClientCom
ponentClient was not 
found in module [project]/
node_modules/@supabase/aut
h-helpers-nextjs/dist/modu
le/index.js [app-ssr] 
(ecmascript).
Did you mean to import 
createServerClient?
All exports of the module 
are statically known (It 
doesn't have dynamic 
exports). So it's known 
statically that the 
requested export doesn't 
exist.

Import trace:
  Server Component:
    ./components/admin/Tes
timonialTableClient.tsx
    ./app/admin/(dashboard
)/testimonials/page.tsx


./app/admin/layout.tsx:1:1
Export createServerCompone
ntClient doesn't exist in 
target module
[31m[1m>[0m [90m1 
|[0m [36mimport[0m { cr
eateServerComponentClient 
} [36mfrom[0m [32m'@sup
abase/auth-helpers-nextjs'
[0m;
  [90m  |[0m [31m[1m^^
^^^^^^^^^^^^^^^^^^^^^^^^^^
^^^^^^^^^^^^^^^^^^^^^^^^^^
^^^^^^^^^^^^^^^^^^^^^^[0m
  [90m2 |[0m 
[36mimport[0m { cookies 
} [36mfrom[0m 
[32m'next/headers'[0m;
  [90m3 |[0m 
[36mimport[0m 
[33mAdminSidebar[0m 
[36mfrom[0m [32m'@/comp
onents/admin/AdminSidebar'
[0m;
  [90m4 |[0m 
[36mimport[0m 
[33mAdminTopBar[0m 
[36mfrom[0m [32m'@/comp
onents/admin/AdminTopBar'
[0m;

The export createServerCom
ponentClient was not 
found in module [project]/
node_modules/@supabase/aut
h-helpers-nextjs/dist/modu
le/index.js [app-rsc] 
(ecmascript).
Did you mean to import 
createServerClient?
All exports of the module 
are statically known (It 
doesn't have dynamic 
exports). So it's known 
statically that the 
requested export doesn't 
exist.


    at <unknown> (./app/ad
min/login/page.tsx:4:1)
    at <unknown> (./app/ad
min/login/page.tsx:4:1)
    at <unknown> (./compon
ents/admin/AdminSidebar.ts
x:5:1)
    at <unknown> (./compon
ents/admin/AdminSidebar.ts
x:5:1)
    at <unknown> (./compon
ents/admin/ContactInfoForm
.tsx:9:1)
    at <unknown> (./compon
ents/admin/ContactInfoForm
.tsx:9:1)
    at <unknown> (./compon
ents/admin/CourseForm.tsx:
9:1)
    at <unknown> (./compon
ents/admin/CourseForm.tsx:
9:1)
    at <unknown> (./compon
ents/admin/CoursesTableCli
ent.tsx:6:1)
    at <unknown> (./compon
ents/admin/CoursesTableCli
ent.tsx:6:1)
    at <unknown> (./compon
ents/admin/EnrollmentsTabl
eClient.tsx:5:1)
    at <unknown> (./compon
ents/admin/EnrollmentsTabl
eClient.tsx:5:1)
    at <unknown> (./compon
ents/admin/NotificationFor
m.tsx:9:1)
    at <unknown> (./compon
ents/admin/NotificationFor
m.tsx:9:1)
    at <unknown> (./compon
ents/admin/NotificationTab
leClient.tsx:6:1)
    at <unknown> (./compon
ents/admin/NotificationTab
leClient.tsx:6:1)
    at <unknown> (./compon
ents/admin/TestimonialForm
.tsx:9:1)
    at <unknown> (./compon
ents/admin/TestimonialForm
.tsx:9:1)
    at <unknown> (./compon
ents/admin/TestimonialTabl
eClient.tsx:6:1)
    at <unknown> (./compon
ents/admin/TestimonialTabl
eClient.tsx:6:1)
    at <unknown> (./app/ad
min/layout.tsx:1:1)
